wrapper installed: true, setting registered: true
== prerequisites: 47/47 pass
ok   Marksman L1 (Augmented/Swordsman) hp 12 haki 0
ok   Marksman L5 (Augmented/Swordsman/Swarmkeeper) hp 44 haki 0
ok   Marksman L12 (Augmented/Swordsman/Swarmkeeper) hp 100 haki 3
ok   Medic L1 (Fishman/Pirate) hp 11 haki 0
ok   Medic L5 (Fishman/Pirate/Chemist) hp 43 haki 0
ok   Medic L12 (Fishman/Pirate/Chemist) hp 99 haki 3
ok   Savant L1 (Lunarian/Urchin/Necrotic Mania) hp 12 haki 0
ok   Savant L5 (Lunarian/Urchin/Necrotic Mania) hp 44 haki 0
ok   Savant L12 (Lunarian/Urchin/Necrotic Mania) hp 112 haki 3
ok   Fighter L1 (Augmented/Swordsman) hp 12 haki 0
ok   Fighter L5 (Augmented/Swordsman/Brute) hp 44 haki 0
ok   Fighter L12 (Augmented/Swordsman/Brute) hp 112 haki 3
ok   Bard L1 (Fishman/Pirate) hp 11 haki 0
ok   Bard L5 (Fishman/Pirate/College of Lore) hp 43 haki 0
ok   Bard L12 (Fishman/Pirate/College of Lore) hp 99 haki 3
ok   Gadgeteer L1 (Lunarian/Urchin) hp 10 haki 0
ok   Gadgeteer L5 (Lunarian/Urchin/Safeguard) hp 38 haki 0
ok   Gadgeteer L12 (Lunarian/Urchin/Safeguard) hp 99 haki 3
ok   Brawler L1 (Augmented/Swordsman) hp 10 haki 0
ok   Brawler L5 (Augmented/Swordsman/Okama Kenpo) hp 38 haki 0
ok   Brawler L12 (Augmented/Swordsman/Okama Kenpo) hp 99 haki 3
ok   Rogue L1 (Fishman/Pirate) hp 11 haki 0
ok   Rogue L5 (Fishman/Pirate/Thief) hp 43 haki 0
ok   Rogue L12 (Fishman/Pirate/Thief) hp 111 haki 3
ok   Barbarian L1 (Lunarian/Urchin) hp 14 haki 0
ok   Barbarian L5 (Lunarian/Urchin/Path of the Totem Warrior) hp 50 haki 0
ok   Barbarian L12 (Lunarian/Urchin/Path of the Totem Warrior) hp 125 haki 3
ok   Marksman L1 (Augmented/Swordsman) hp 12 haki 0
ok   Medic L1 (Fishman/Pirate) hp 11 haki 0
ok   Marksman L3 (Augmented/Swordsman/Swarmkeeper) hp 28 haki 0
ok   Marksman L3 (Augmented/Swordsman/Swarmkeeper) hp 28 haki 0
ok   Marksman L3 (Augmented/Swordsman/Swarmkeeper)
== wizard: 32 cases, 0 with issues
ok   Marksman / Swarmkeeper: 19 levels
ok   Marksman / Bounty Hunter: 19 levels
ok   Marksman / Olympian: 19 levels
ok   Marksman / Sniper: 19 levels
ok   Marksman / Guru: 19 levels
ok   Marksman / Nighthawk: 19 levels
ok   Marksman / Beastmaster: 19 levels
ok   Medic / Chemist: 19 levels
ok   Medic / Bio-Engineer: 19 levels
ok   Medic / Amputator: 19 levels
ok   Medic / Field Surgeon: 19 levels
ok   Medic / Physician: 19 levels
ok   Medic / Plaguewright: 19 levels
ok   Savant / Necrotic Mania: 19 levels
ok   Savant / Thundering Resolve: 19 levels
ok   Savant / Caustic Spite: 19 levels
ok   Savant / Cold Indifference: 19 levels
ok   Savant / Radiant Superiority: 19 levels
ok   Savant / Venomous Duality: 19 levels
ok   Savant / Burning Passion: 19 levels
ok   Savant / Fulminating Glee: 19 levels
ok   Savant / Mindful Insight: 19 levels
ok   Fighter / Brute: 19 levels
ok   Fighter / Master of None: 19 levels
ok   Fighter / Samurai: 19 levels
ok   Fighter / Champion: 19 levels
ok   Fighter / Blitzkrieg: 19 levels
ok   Fighter / Gunslinger: 19 levels
ok   Fighter / Cavalier: 19 levels
ok   Fighter / Banneret: 19 levels
ok   Fighter / Arms Dealer: 19 levels
ok   Fighter / Battlemaster: 19 levels
ok   Fighter / Gadget Knight: 19 levels
ok   Bard / College of Lore: 19 levels
ok   Bard / College of Legends: 19 levels
ok   Bard / College of Bewitchment: 19 levels
ok   Bard / College of The Idol: 19 levels
ok   Bard / College of Eloquence: 19 levels
ok   Bard / College of Swords: 19 levels
ok   Gadgeteer / Safeguard: 19 levels
ok   Gadgeteer / Alchemist: 19 levels
ok   Gadgeteer / Elementalist: 19 levels
ok   Gadgeteer / Artillerist: 19 levels
ok   Gadgeteer / Battle Smith: 19 levels
ok   Gadgeteer / Armorer: 19 levels
ok   Brawler / Okama Kenpo: 19 levels
ok   Brawler / Fishman Karate: 19 levels
ok   Brawler / Six Powers Master: 19 levels
ok   Brawler / Sword Sage: 19 levels
ok   Brawler / Ninja: 19 levels
ok   Brawler / Drunken Master: 19 levels
ok   Brawler / Way of Mercy: 19 levels
ok   Brawler / Expressionist: 19 levels
ok   Brawler / Open Hand: 19 levels
ok   Brawler / Private Eye: 19 levels
ok   Brawler / Sumo Wrestler: 19 levels
ok   Brawler / Daredevil: 19 levels
ok   Brawler / Chromatic Commandment: 19 levels
ok   Rogue / Thief: 19 levels
ok   Rogue / Seeker: 19 levels
ok   Rogue / Scout: 19 levels
ok   Rogue / Swashbuckler: 19 levels
ok   Rogue / Bruiser: 19 levels
ok   Rogue / Sawbones: 19 levels
ok   Rogue / Ringmaster: 19 levels
ok   Rogue / Wildcard: 19 levels
ok   Rogue / Gadget Trickster: 19 levels
ok   Rogue / Inquisitive: 19 levels
ok   Rogue / Assassin: 19 levels
ok   Rogue / Fencer: 19 levels
ok   Barbarian / Path of the Totem Warrior: 19 levels
ok   Barbarian / Path of the Blade Master: 19 levels
ok   Barbarian / Path of the Pugilist: 19 levels
ok   Barbarian / Path of the Cannoneer: 19 levels
ok   Barbarian / Path of the Channeler: 19 levels
ok   Barbarian / Path of the Berserker: 19 levels
ok   Barbarian / Path of the Storm Herald: 19 levels
ok   Barbarian / Path of the Spirit Speaker: 19 levels
ok   Barbarian / Path of the Shattered Mind: 19 levels
ok   Barbarian / Path of the Forgemaster: 19 levels
== level-up: 80 class/subclass runs, 0 with issues
FAIL harness ran without throwing -> "TypeError: Cannot read properties of undefined (reading 'name')\n    at Object.LF [as fn] (http://localhost:30000/modules/chris-premades/dist/main.js:1:1848869)\n    at fire (eval at evaluate (:311:30), <anonymous>:6:93)\n    at async eval (eval at evaluate (:311:30), <anonymous>:40:5)\n    at async <an"
== optional rulings: 9/10 pass; encumbrance {"before":270,"after":1350}; all settings off: true
PROGRESS 80/2105 docs (4%), 0 failed, 1 min elapsed, about 13 min left
PROGRESS 190/2105 docs (9%), 0 failed, 1 min elapsed, about 10 min left
[Automation 3] RESTART browser
[Automation 3] == items: 150 docs, 0 fail, 50 warn
PROGRESS 300/2105 docs (14%), 0 failed, 2 min elapsed, about 9 min left
PROGRESS 390/2105 docs (19%), 0 failed, 2 min elapsed, about 9 min left
PROGRESS 440/2105 docs (21%), 0 failed, 3 min elapsed, about 9 min left
PROGRESS 510/2105 docs (24%), 0 failed, 3 min elapsed, about 9 min left
[Automation 2] RESTART browser
[Automation] RESTART browser
PROGRESS 540/2105 docs (26%), 0 failed, 4 min elapsed, about 10 min left
[Automation 3] RESTART browser
[Automation 3] == items: 150 docs, 0 fail, 50 warn
PROGRESS 560/2105 docs (27%), 0 failed, 4 min elapsed, about 11 min left
PROGRESS 590/2105 docs (28%), 0 failed, 5 min elapsed, about 12 min left
PROGRESS 670/2105 docs (32%), 0 failed, 5 min elapsed, about 11 min left
PROGRESS 750/2105 docs (36%), 0 failed, 6 min elapsed, about 10 min left
PROGRESS 790/2105 docs (38%), 0 failed, 6 min elapsed, about 10 min left
[Automation 3] RESTART browser
PROGRESS 830/2105 docs (39%), 0 failed, 7 min elapsed, about 10 min left
[Automation 3] == items: 150 docs, 0 fail, 50 warn
PROGRESS 880/2105 docs (42%), 0 failed, 7 min elapsed, about 10 min left
PROGRESS 940/2105 docs (45%), 0 failed, 8 min elapsed, about 9 min left
PROGRESS 990/2105 docs (47%), 0 failed, 8 min elapsed, about 9 min left
PROGRESS 1050/2105 docs (50%), 0 failed, 9 min elapsed, about 9 min left
[Automation 3] == creations: 413 docs, 0 fail, 192 warn
PROGRESS 1070/2105 docs (51%), 0 failed, 9 min elapsed, about 9 min left
PROGRESS 1090/2105 docs (52%), 0 failed, 10 min elapsed, about 9 min left
PROGRESS 1110/2105 docs (53%), 0 failed, 10 min elapsed, about 9 min left
[Automation 2] RESTART browser
PROGRESS 1120/2105 docs (53%), 0 failed, 11 min elapsed, about 9 min left
[Automation] RESTART browser
PROGRESS 1130/2105 docs (54%), 0 failed, 11 min elapsed, about 9 min left
PROGRESS 1130/2105 docs (54%), 0 failed, 12 min elapsed, about 10 min left
PROGRESS 1130/2105 docs (54%), 0 failed, 12 min elapsed, about 10 min left
PROGRESS 1130/2105 docs (54%), 0 failed, 13 min elapsed, about 11 min left
PROGRESS 1130/2105 docs (54%), 0 failed, 13 min elapsed, about 11 min left
PROGRESS 1160/2105 docs (55%), 0 failed, 14 min elapsed, about 11 min left
PROGRESS 1200/2105 docs (57%), 0 failed, 14 min elapsed, about 11 min left
PROGRESS 1220/2105 docs (58%), 0 failed, 15 min elapsed, about 11 min left
PROGRESS 1260/2105 docs (60%), 0 failed, 15 min elapsed, about 10 min left
PROGRESS 1280/2105 docs (61%), 0 failed, 16 min elapsed, about 10 min left
PROGRESS 1300/2105 docs (62%), 0 failed, 16 min elapsed, about 10 min left
PROGRESS 1310/2105 docs (62%), 0 failed, 17 min elapsed, about 10 min left
PROGRESS 1330/2105 docs (63%), 0 failed, 17 min elapsed, about 10 min left
PROGRESS 1350/2105 docs (64%), 0 failed, 18 min elapsed, about 10 min left
PROGRESS 1370/2105 docs (65%), 0 failed, 18 min elapsed, about 10 min left
[Automation 2] == class-features: 419 docs, 0 fail, 48 warn
PROGRESS 1379/2105 docs (66%), 0 failed, 19 min elapsed, about 10 min left
[Automation 2] == racial-features: 0 docs, 0 fail, 0 warn
[Automation] == class-features: 420 docs, 0 fail, 62 warn
PROGRESS 1409/2105 docs (67%), 0 failed, 19 min elapsed, about 9 min left
[Automation 2] RESTART browser
[Automation] == racial-features: 0 docs, 0 fail, 0 warn
PROGRESS 1429/2105 docs (68%), 0 failed, 20 min elapsed, about 9 min left
[Automation] RESTART browser
PROGRESS 1439/2105 docs (68%), 0 failed, 20 min elapsed, about 9 min left
PROGRESS 1439/2105 docs (68%), 0 failed, 21 min elapsed, about 9 min left
PROGRESS 1439/2105 docs (68%), 0 failed, 21 min elapsed, about 10 min left
PROGRESS 1439/2105 docs (68%), 0 failed, 22 min elapsed, about 10 min left
PROGRESS 1439/2105 docs (68%), 0 failed, 22 min elapsed, about 10 min left
PROGRESS 1439/2105 docs (68%), 0 failed, 23 min elapsed, about 10 min left
PROGRESS 1439/2105 docs (68%), 0 failed, 23 min elapsed, about 11 min left
PROGRESS 1439/2105 docs (68%), 0 failed, 24 min elapsed, about 11 min left
[Automation 2] == class-features: 419 docs, 0 fail, 48 warn
PROGRESS 1439/2105 docs (68%), 0 failed, 24 min elapsed, about 11 min left
[Automation 2] == racial-features: 0 docs, 0 fail, 0 warn
[Automation] == class-features: 420 docs, 0 fail, 62 warn
[Automation 2] == feats: 44 docs, 0 fail, 2 warn
PROGRESS 1469/2105 docs (70%), 0 failed, 25 min elapsed, about 11 min left
[Automation 2] == backgrounds: 28 docs, 0 fail, 0 warn
[Automation] == racial-features: 0 docs, 0 fail, 0 warn
[Automation 2] == devil-fruits: 15 docs, 0 fail, 0 warn
[Automation] == feats: 44 docs, 0 fail, 3 warn
[Automation 2] == ship-weapons: 4 docs, 0 fail, 4 warn
PROGRESS 1531/2105 docs (73%), 0 failed, 25 min elapsed, about 9 min left
[Automation] == backgrounds: 28 docs, 0 fail, 0 warn
[Automation] == devil-fruits: 16 docs, 0 fail, 1 warn
[Automation] == ship-weapons: 4 docs, 0 fail, 4 warn
PROGRESS 1553/2105 docs (74%), 0 failed, 26 min elapsed, about 9 min left
PROGRESS 1553/2105 docs (74%), 0 failed, 26 min elapsed, about 9 min left
PROGRESS 1553/2105 docs (74%), 0 failed, 27 min elapsed, about 9 min left
PROGRESS 1553/2105 docs (74%), 0 failed, 27 min elapsed, about 10 min left
PROGRESS 1553/2105 docs (74%), 0 failed, 27 min elapsed, about 10 min left
== class-features: 839 docs, 0 fail
== racial-features: 86 docs, 0 fail
== feats: 228 docs, 0 fail
== backgrounds: 56 docs, 0 fail
== devil-fruits: 39 docs, 0 fail
== ship-weapons: 8 docs, 0 fail
== items: 421 docs, 0 fail
== creations: 426 docs, 0 fail
SWEEP TOTAL: 2103 docs, 0 fail; shard exit codes 0,0,0
Matthew "The Jack" Burgess: Human / Gambler / Fighter 10 (Gunslinger) L10 hp 74 ac 17, 35 features, feats [Role: Captain, Alert, Alert, Lucky], gear +28, issues 0
Matthew "The Jack" Burgess (Marksman): Human / Gambler / Marksman 10 (Sniper) L10 hp 74 ac 17, 39 features, feats [Role: Captain, Alert, Alert, Lucky], gear +28, issues 0
Baptiste: Lunarian / Boxer / Brawler 10 (Chromatic Commandment) L10 hp 73 ac 20, 28 features, feats [Role: Captain, Alert, Unarmed Master, Devil Fruit Uses], gear +11, issues 0
Malphas: Lunarian / Wanderer / Brawler 8 (Drunken Master) L8 hp 59 ac 18, 29 features, feats [Role: Captain, Alert, Mobile, Alert, Acrobat, Devil Fruit Uses, Zoan Hybrid Form, Zoan Full Beast Form], gear +19, issues 0
Thunderbird (Form 1): Lunarian / Wanderer / Brawler 4 (Drunken Master) L4 hp 31 ac 18, 22 features, feats [Role: Captain, Alert, Mobile, Acrobat, Devil Fruit Uses, Zoan Hybrid Form, Zoan Full Beast Form], gear +18, issues 0
Thunderbird (Form 2): Lunarian / Wanderer / Brawler 8 (Drunken Master) L8 hp 59 ac 18, 29 features, feats [Role: Captain, Alert, Mobile, Alert, Acrobat, Devil Fruit Uses, Zoan Hybrid Form, Zoan Full Beast Form], gear +18, issues 0
B.O.B: Augmented / Scientist / Savant 10 (Necrotic Mania) L10 hp 84 ac 10, 30 features, feats [Role: Captain, Alert, Polearm Master, Great Weapon Master, Creativity Adept], gear +11, issues 0
Roma: Mink / Cook / Fighter 3 + Barbarian 7 (Brute, Path of the Berserker) L10 hp 101 ac 16, 30 features, feats [Role: Captain, Alert, Gourmand, Sentinel, Devil Fruit Uses, Zoan Hybrid Form, Zoan Full Beast Form], gear +12, issues 0
Hybrid: Mink / Cook / Fighter 3 + Barbarian 5 (Brute, Path of the Berserker) L8 hp 81 ac 16, 26 features, feats [Role: Captain, Alert, Gourmand, Sentinel, Devil Fruit Uses, Zoan Hybrid Form, Zoan Full Beast Form], gear +9, issues 0
Sulong: Mink / Cook / Fighter 3 + Barbarian 5 (Brute, Path of the Berserker) L8 hp 81 ac 16, 26 features, feats [Role: Captain, Alert, Gourmand, Sentinel, Devil Fruit Uses, Zoan Hybrid Form, Zoan Full Beast Form], gear +9, issues 0
PASS Roma: Hybrid Form spends Devil Fruit Uses 
PASS Roma: uses 5 -> 4 
PASS Roma: temp HP = level x2 20 (L10)
PASS Roma: duration by level 28800s at L10
PASS Roma: +proficiency weapon damage prof 4
PASS Roma: Full Beast spends Devil Fruit Uses 
PASS Roma: Inner Beast has Sulong activity 
PASS Roma: Sulong +4 Str/Dex 17->21, 16->20
PASS Hybrid: Hybrid Form spends Devil Fruit Uses 
PASS Hybrid: uses 4 -> 3 
PASS Hybrid: temp HP = level x2 16 (L8)
PASS Hybrid: duration by level 3600s at L8
PASS Hybrid: +proficiency weapon damage prof 3
PASS Hybrid: Full Beast spends Devil Fruit Uses 
PASS Hybrid: Inner Beast has Sulong activity 
PASS Hybrid: Sulong +4 Str/Dex 17->21, 16->20
PASS Sulong: Hybrid Form spends Devil Fruit Uses 
PASS Sulong: uses 4 -> 3 
PASS Sulong: temp HP = level x2 16 (L8)
PASS Sulong: duration by level 3600s at L8
PASS Sulong: +proficiency weapon damage prof 3
PASS Sulong: Full Beast spends Devil Fruit Uses 
PASS Sulong: Inner Beast has Sulong activity 
PASS Sulong: Sulong +4 Str/Dex 17->21, 16->20
PASS Malphas: Hybrid Form spends Devil Fruit Uses 
PASS Malphas: uses 4 -> 3 
PASS Malphas: temp HP = level x2 16 (L8)
PASS Malphas: duration by level 3600s at L8
PASS Malphas: +proficiency weapon damage prof 3
PASS Malphas: Full Beast spends Devil Fruit Uses 
PASS Malphas: not a Mink, no Inner Beast expected 
PASS Full Beast Form is a transform activity 
PASS Full Beast: hit points = 6 x level + beast Con mod 67 vs 67
PASS Full Beast: uses the beast's Str 26
PASS Full Beast: keeps Int/Wis/Cha 
PASS Full Beast: revert restores the original actor and hit points 71 vs 71
PASS Sulong ending adds one level of exhaustion 0 -> 1
PASS Enhanced Form raises size one category med -> lg
PASS size returns when it ends 
PASS Import journals: copies the 14 journals {"made":14,"replaced":0,"skipped":0}
PASS Import journals: a second run skips them {"made":0,"replaced":0,"skipped":14}
PASS GM and both players are connected at once 
PASS Player sees the character they own 
PASS Player cannot see a GM-only character 
PASS The other player (not the owner) cannot open that character 
PASS Player cannot see a GM whisper 
PASS Player receives a public message 
PASS Player cannot create a scene refused
PASS Player cannot change a world setting refused
PASS Player can read the OP5e compendium 
PASS Player can read the Shop Catalogues journal 
PASS Player rolls initiative for their own character; the GM sees it 
PASS Player uses their weapon; a chat card reaches the GM used; 145 -> 146
PASS An effect the GM adds shows up on the player's client 
PASS Player: Create OPC is available can create actors in this world: false
PASS Trusted Player: Create OPC is available can create actors in this world: false
MULTIPLAYER: 15 pass, 0 fail
PASS walkthrough: Create OPC wizard builds the character in the real UI ["Fighter 3"]
walkthrough: 0 pass, 0 fail
PASS walkthrough2: Level-up through the real UI reaches level 8 with Haki L8 haki 1
walkthrough2: 0 pass, 0 fail
PASS walkthrough3: Level-up to 14 grants the whole Haki chain L14 haki 4
PASS walkthrough3: A feat whose prerequisite is not met is refused 1 refusal(s)
walkthrough3: 0 pass, 0 fail
walkthrough4: 5 pass, 0 fail
walkthrough5: 1 pass, 0 fail
walkthrough6: 10 pass, 0 fail
WALKTHROUGHS: 20 pass, 0 fail

Automated stages passed. Now do the manual stages in docs/SHIP-CHECK.md.
exit 0
